Ignoring MetaTrader5: markers 'sys_platform == "win32"' don't match your environment
Collecting ruff==0.16.10
  Downloading ruff-0.16.10-py3-none-manylinux_2_17_x86_64.manylinux2014_x86_64.whl.metadata (20 kB)
Collecting pydantic==2.13.5 (from -r requirements.txt (line 5))
  Downloading pydantic-2.13.5-py3-none-any.whl.metadata (110 kB)
Collecting pydantic-settings==2.15.0 (from -r requirements.txt (line 6))
  Downloading pydantic_settings-2.15.0-py3-none-any.whl.metadata (3.9 kB)
Collecting python-dotenv==1.2.4 (from -r requirements.txt (line 7))
  Downloading python_dotenv-1.2.4-py3-none-any.whl.metadata (29 kB)
Collecting SQLAlchemy==2.1.2 (from -r requirements.txt (line 8))
  Downloading sqlalchemy-2.1.2-cp313-cp313-manylinux2014_x86_64.manylinux_2_17_x86_64.manylinux_2_28_x86_64.whl.metadata (9.7 kB)
Collecting fastapi==0.142.2 (from -r requirements.txt (line 9))
  Downloading fastapi-0.142.2-py3-none-any.whl.metadata (27 kB)
Collecting uvicorn==0.54.0 (from -r requirements.txt (line 10))
  Downloading uvicorn-0.54.0-py3-none-any.whl.metadata (6.6 kB)
Collecting aiogram==3.31.0 (from -r requirements.txt (line 11))
  Downloading aiogram-3.31.0-py3-none-any.whl.metadata (6.8 kB)
Collecting APScheduler==3.11.3 (from -r requirements.txt (line 12))
  Downloading apscheduler-3.11.3-py3-none-any.whl.metadata (6.5 kB)
Collecting httpx==0.28.1 (from -r requirements.txt (line 13))
  Downloading httpx-0.28.1-py3-none-any.whl.metadata (7.1 kB)
Collecting pandas==3.0.6 (from -r requirements.txt (line 14))
  Downloading pandas-3.0.6-cp313-cp313-manylinux_2_24_x86_64.manylinux_2_28_x86_64.whl.metadata (79 kB)
Collecting numpy==2.4.6 (from -r requirements.txt (line 15))
  Downloading numpy-2.4.6-cp313-cp313-manylinux_2_27_x86_64.manylinux_2_28_x86_64.whl.metadata (6.6 kB)
Collecting ta==0.11.0 (from -r requirements.txt (line 16))
  Downloading ta-0.11.0.tar.gz (25 kB)
  Installing build dependencies: started
  Installing build dependencies: finished with status 'done'
  Getting requirements to build wheel: started
  Getting requirements to build wheel: finished with status 'done'
  Preparing metadata (pyproject.toml): started
  Preparing metadata (pyproject.toml): finished with status 'done'
Collecting scikit-learn==1.9.1 (from -r requirements.txt (line 17))
  Downloading scikit_learn-1.9.1-cp313-cp313-manylinux_2_27_x86_64.manylinux_2_28_x86_64.whl.metadata (9.3 kB)
Collecting lightgbm==4.7.0 (from -r requirements.txt (line 18))
  Downloading lightgbm-4.7.0-py3-none-manylinux_2_27_x86_64.manylinux_2_28_x86_64.whl.metadata (18 kB)
Collecting joblib==1.6.0 (from -r requirements.txt (line 19))
  Downloading joblib-1.6.0-py3-none-any.whl.metadata (6.5 kB)
Collecting feedparser==6.0.14 (from -r requirements.txt (line 20))
  Downloading feedparser-6.0.14-py3-none-any.whl.metadata (2.7 kB)
Collecting defusedxml==0.7.1 (from -r requirements.txt (line 21))
  Downloading defusedxml-0.7.1-py2.py3-none-any.whl.metadata (32 kB)
Collecting psutil==7.2.2 (from -r requirements.txt (line 22))
  Downloading psutil-7.2.2-cp36-abi3-manylinux2010_x86_64.manylinux_2_12_x86_64.manylinux_2_28_x86_64.whl.metadata (22 kB)
Collecting tzdata==2026.4 (from -r requirements.txt (line 23))
  Downloading tzdata-2026.4-py2.py3-none-any.whl.metadata (1.4 kB)
Collecting pytest==9.1.1 (from -r requirements.txt (line 24))
  Downloading pytest-9.1.1-py3-none-any.whl.metadata (7.6 kB)
Collecting pytest-asyncio==1.4.0 (from -r requirements.txt (line 25))
  Downloading pytest_asyncio-1.4.0-py3-none-any.whl.metadata (4.1 kB)
Collecting annotated-types>=0.6.0 (from pydantic==2.13.5->-r requirements.txt (line 5))
  Downloading annotated_types-0.8.0-py3-none-any.whl.metadata (15 kB)
Collecting pydantic-core==2.46.5 (from pydantic==2.13.5->-r requirements.txt (line 5))
  Downloading pydantic_core-2.46.5-cp313-cp313-manylinux_2_17_x86_64.manylinux2014_x86_64.whl.metadata (6.6 kB)
Collecting typing-extensions>=4.14.1 (from pydantic==2.13.5->-r requirements.txt (line 5))
  Downloading typing_extensions-4.16.0-py3-none-any.whl.metadata (3.3 kB)
Collecting typing-inspection>=0.4.2 (from pydantic==2.13.5->-r requirements.txt (line 5))
  Downloading typing_inspection-0.4.4-py3-none-any.whl.metadata (2.6 kB)
Collecting starlette>=0.46.0 (from fastapi==0.142.2->-r requirements.txt (line 9))
  Downloading starlette-1.7.0-py3-none-any.whl.metadata (6.6 kB)
Collecting annotated-doc>=0.0.2 (from fastapi==0.142.2->-r requirements.txt (line 9))
  Downloading annotated_doc-0.0.5-py3-none-any.whl.metadata (6.5 kB)
Collecting opentelemetry-api>=1.44.0 (from fastapi==0.142.2->-r requirements.txt (line 9))
  Downloading opentelemetry_api-1.45.0-py3-none-any.whl.metadata (1.4 kB)
Collecting click>=7.0 (from uvicorn==0.54.0->-r requirements.txt (line 10))
  Downloading click-8.5.0-py3-none-any.whl.metadata (2.6 kB)
Collecting h11>=0.8 (from uvicorn==0.54.0->-r requirements.txt (line 10))
  Downloading h11-0.16.0-py3-none-any.whl.metadata (8.3 kB)
Collecting aiofiles<26.0,>=23.2.1 (from aiogram==3.31.0->-r requirements.txt (line 11))
  Downloading aiofiles-25.1.0-py3-none-any.whl.metadata (6.3 kB)
Collecting aiohttp<3.15,>=3.9.0 (from aiogram==3.31.0->-r requirements.txt (line 11))
  Downloading aiohttp-3.14.3-cp313-cp313-manylinux2014_x86_64.manylinux_2_17_x86_64.manylinux_2_28_x86_64.whl.metadata (8.3 kB)
Collecting certifi>=2023.7.22 (from aiogram==3.31.0->-r requirements.txt (line 11))
  Downloading certifi-2026.7.22-py3-none-any.whl.metadata (2.5 kB)
Collecting magic-filter<1.1,>=1.0.12 (from aiogram==3.31.0->-r requirements.txt (line 11))
  Downloading magic_filter-1.0.12-py3-none-any.whl.metadata (1.5 kB)
Collecting tzlocal>=3.0 (from APScheduler==3.11.3->-r requirements.txt (line 12))
  Downloading tzlocal-5.4.4-py3-none-any.whl.metadata (7.7 kB)
Collecting anyio (from httpx==0.28.1->-r requirements.txt (line 13))
  Downloading anyio-4.15.1-py3-none-any.whl.metadata (4.7 kB)
Collecting httpcore==1.* (from httpx==0.28.1->-r requirements.txt (line 13))
  Downloading httpcore-1.0.9-py3-none-any.whl.metadata (21 kB)
Collecting idna (from httpx==0.28.1->-r requirements.txt (line 13))
  Downloading idna-3.20-py3-none-any.whl.metadata (7.2 kB)
Collecting python-dateutil>=2.8.2 (from pandas==3.0.6->-r requirements.txt (line 14))
  Downloading python_dateutil-2.9.0.post0-py2.py3-none-any.whl.metadata (8.4 kB)
Collecting scipy>=1.10.0 (from scikit-learn==1.9.1->-r requirements.txt (line 17))
  Downloading scipy-1.18.1-cp313-cp313-manylinux_2_27_x86_64.manylinux_2_28_x86_64.whl.metadata (62 kB)
Collecting narwhals>=2.0.1 (from scikit-learn==1.9.1->-r requirements.txt (line 17))
  Downloading narwhals-2.26.0-py3-none-any.whl.metadata (15 kB)
Collecting threadpoolctl>=3.5.0 (from scikit-learn==1.9.1->-r requirements.txt (line 17))
  Downloading threadpoolctl-3.7.0-py3-none-any.whl.metadata (24 kB)
Collecting cloudpickle>=3.0 (from joblib==1.6.0->-r requirements.txt (line 19))
  Downloading cloudpickle-3.1.2-py3-none-any.whl.metadata (7.1 kB)
Collecting feedparser-sgmllib<3,>=2 (from feedparser==6.0.14->-r requirements.txt (line 20))
  Downloading feedparser_sgmllib-2.1.0-py3-none-any.whl.metadata (926 bytes)
Collecting iniconfig>=1.0.1 (from pytest==9.1.1->-r requirements.txt (line 24))
  Downloading iniconfig-2.3.0-py3-none-any.whl.metadata (2.5 kB)
Collecting packaging>=22 (from pytest==9.1.1->-r requirements.txt (line 24))
  Downloading packaging-26.3-py3-none-any.whl.metadata (3.5 kB)
Collecting pluggy<2,>=1.5 (from pytest==9.1.1->-r requirements.txt (line 24))
  Downloading pluggy-1.6.0-py3-none-any.whl.metadata (4.8 kB)
Collecting pygments>=2.7.2 (from pytest==9.1.1->-r requirements.txt (line 24))
  Downloading pygments-2.21.0-py3-none-any.whl.metadata (2.5 kB)
Collecting aiohappyeyeballs>=2.5.0 (from aiohttp<3.15,>=3.9.0->aiogram==3.31.0->-r requirements.txt (line 11))
  Downloading aiohappyeyeballs-2.7.1-py3-none-any.whl.metadata (5.9 kB)
Collecting aiosignal>=1.4.0 (from aiohttp<3.15,>=3.9.0->aiogram==3.31.0->-r requirements.txt (line 11))
  Downloading aiosignal-1.4.0-py3-none-any.whl.metadata (3.7 kB)
Collecting attrs>=17.3.0 (from aiohttp<3.15,>=3.9.0->aiogram==3.31.0->-r requirements.txt (line 11))
  Downloading attrs-26.1.0-py3-none-any.whl.metadata (8.8 kB)
Collecting frozenlist>=1.1.1 (from aiohttp<3.15,>=3.9.0->aiogram==3.31.0->-r requirements.txt (line 11))
  Downloading frozenlist-1.8.0-cp313-cp313-manylinux1_x86_64.manylinux_2_28_x86_64.manylinux_2_5_x86_64.whl.metadata (20 kB)
Collecting multidict<7.0,>=4.5 (from aiohttp<3.15,>=3.9.0->aiogram==3.31.0->-r requirements.txt (line 11))
  Downloading multidict-6.9.1-cp313-cp313-manylinux2014_x86_64.manylinux_2_17_x86_64.manylinux_2_28_x86_64.whl.metadata (5.3 kB)
Collecting propcache>=0.2.0 (from aiohttp<3.15,>=3.9.0->aiogram==3.31.0->-r requirements.txt (line 11))
  Downloading propcache-0.5.4-cp313-cp313-manylinux2014_x86_64.manylinux_2_17_x86_64.manylinux_2_28_x86_64.whl.metadata (25 kB)
Collecting yarl<2.0,>=1.17.0 (from aiohttp<3.15,>=3.9.0->aiogram==3.31.0->-r requirements.txt (line 11))
  Downloading yarl-1.25.1-cp313-cp313-manylinux2014_x86_64.manylinux_2_17_x86_64.manylinux_2_28_x86_64.whl.metadata (111 kB)
Collecting six>=1.5 (from python-dateutil>=2.8.2->pandas==3.0.6->-r requirements.txt (line 14))
  Downloading six-1.17.0-py2.py3-none-any.whl.metadata (1.7 kB)
Downloading ruff-0.16.10-py3-none-manylinux_2_17_x86_64.manylinux2014_x86_64.whl (10.4 MB)
   ━━━━━━━━━━━━━━━━━━━━━━━━━━━━━━━━━━━━━━━━ 10.4/10.4 MB 107.4 MB/s  0:00:00
Downloading pydantic-2.13.5-py3-none-any.whl (472 kB)
Downloading pydantic_settings-2.15.0-py3-none-any.whl (69 kB)
Downloading python_dotenv-1.2.4-py3-none-any.whl (23 kB)
Downloading sqlalchemy-2.1.2-cp313-cp313-manylinux2014_x86_64.manylinux_2_17_x86_64.manylinux_2_28_x86_64.whl (4.6 MB)
   ━━━━━━━━━━━━━━━━━━━━━━━━━━━━━━━━━━━━━━━━ 4.6/4.6 MB 148.3 MB/s  0:00:00
Downloading fastapi-0.142.2-py3-none-any.whl (144 kB)
Downloading uvicorn-0.54.0-py3-none-any.whl (87 kB)
Downloading aiogram-3.31.0-py3-none-any.whl (859 kB)
   ━━━━━━━━━━━━━━━━━━━━━━━━━━━━━━━━━━━━━━━━ 859.1/859.1 kB 64.3 MB/s  0:00:00
Downloading apscheduler-3.11.3-py3-none-any.whl (66 kB)
Downloading httpx-0.28.1-py3-none-any.whl (73 kB)
Downloading pandas-3.0.6-cp313-cp313-manylinux_2_24_x86_64.manylinux_2_28_x86_64.whl (10.8 MB)
   ━━━━━━━━━━━━━━━━━━━━━━━━━━━━━━━━━━━━━━━━ 10.8/10.8 MB 133.0 MB/s  0:00:00
Downloading numpy-2.4.6-cp313-cp313-manylinux_2_27_x86_64.manylinux_2_28_x86_64.whl (16.6 MB)
   ━━━━━━━━━━━━━━━━━━━━━━━━━━━━━━━━━━━━━━━━ 16.6/16.6 MB 129.1 MB/s  0:00:00
Downloading scikit_learn-1.9.1-cp313-cp313-manylinux_2_27_x86_64.manylinux_2_28_x86_64.whl (9.1 MB)
   ━━━━━━━━━━━━━━━━━━━━━━━━━━━━━━━━━━━━━━━━ 9.1/9.1 MB 113.8 MB/s  0:00:00
Downloading lightgbm-4.7.0-py3-none-manylinux_2_27_x86_64.manylinux_2_28_x86_64.whl (3.5 MB)
   ━━━━━━━━━━━━━━━━━━━━━━━━━━━━━━━━━━━━━━━━ 3.5/3.5 MB 192.0 MB/s  0:00:00
Downloading joblib-1.6.0-py3-none-any.whl (306 kB)
Downloading feedparser-6.0.14-py3-none-any.whl (80 kB)
Downloading defusedxml-0.7.1-py2.py3-none-any.whl (25 kB)
Downloading psutil-7.2.2-cp36-abi3-manylinux2010_x86_64.manylinux_2_12_x86_64.manylinux_2_28_x86_64.whl (155 kB)
Downloading tzdata-2026.4-py2.py3-none-any.whl (347 kB)
Downloading pytest-9.1.1-py3-none-any.whl (386 kB)
Downloading pytest_asyncio-1.4.0-py3-none-any.whl (16 kB)
Downloading pydantic_core-2.46.5-cp313-cp313-manylinux_2_17_x86_64.manylinux2014_x86_64.whl (2.1 MB)
   ━━━━━━━━━━━━━━━━━━━━━━━━━━━━━━━━━━━━━━━━ 2.1/2.1 MB 218.4 MB/s  0:00:00
Downloading aiofiles-25.1.0-py3-none-any.whl (14 kB)
Downloading aiohttp-3.14.3-cp313-cp313-manylinux2014_x86_64.manylinux_2_17_x86_64.manylinux_2_28_x86_64.whl (1.8 MB)
   ━━━━━━━━━━━━━━━━━━━━━━━━━━━━━━━━━━━━━━━━ 1.8/1.8 MB 204.3 MB/s  0:00:00
Downloading feedparser_sgmllib-2.1.0-py3-none-any.whl (11 kB)
Downloading httpcore-1.0.9-py3-none-any.whl (78 kB)
Downloading magic_filter-1.0.12-py3-none-any.whl (11 kB)
Downloading multidict-6.9.1-cp313-cp313-manylinux2014_x86_64.manylinux_2_17_x86_64.manylinux_2_28_x86_64.whl (336 kB)
Downloading pluggy-1.6.0-py3-none-any.whl (20 kB)
Downloading typing_extensions-4.16.0-py3-none-any.whl (45 kB)
Downloading yarl-1.25.1-cp313-cp313-manylinux2014_x86_64.manylinux_2_17_x86_64.manylinux_2_28_x86_64.whl (117 kB)
Downloading aiohappyeyeballs-2.7.1-py3-none-any.whl (15 kB)
Downloading aiosignal-1.4.0-py3-none-any.whl (7.5 kB)
Downloading annotated_doc-0.0.5-py3-none-any.whl (5.3 kB)
Downloading annotated_types-0.8.0-py3-none-any.whl (13 kB)
Downloading attrs-26.1.0-py3-none-any.whl (67 kB)
Downloading certifi-2026.7.22-py3-none-any.whl (136 kB)
Downloading click-8.5.0-py3-none-any.whl (125 kB)
Downloading cloudpickle-3.1.2-py3-none-any.whl (22 kB)
Downloading frozenlist-1.8.0-cp313-cp313-manylinux1_x86_64.manylinux_2_28_x86_64.manylinux_2_5_x86_64.whl (234 kB)
Downloading h11-0.16.0-py3-none-any.whl (37 kB)
Downloading idna-3.20-py3-none-any.whl (69 kB)
Downloading iniconfig-2.3.0-py3-none-any.whl (7.5 kB)
Downloading narwhals-2.26.0-py3-none-any.whl (474 kB)
Downloading opentelemetry_api-1.45.0-py3-none-any.whl (60 kB)
Downloading packaging-26.3-py3-none-any.whl (129 kB)
Downloading propcache-0.5.4-cp313-cp313-manylinux2014_x86_64.manylinux_2_17_x86_64.manylinux_2_28_x86_64.whl (234 kB)
Downloading pygments-2.21.0-py3-none-any.whl (1.3 MB)
   ━━━━━━━━━━━━━━━━━━━━━━━━━━━━━━━━━━━━━━━━ 1.3/1.3 MB 156.8 MB/s  0:00:00
Downloading python_dateutil-2.9.0.post0-py2.py3-none-any.whl (229 kB)
Downloading scipy-1.18.1-cp313-cp313-manylinux_2_27_x86_64.manylinux_2_28_x86_64.whl (35.3 MB)
   ━━━━━━━━━━━━━━━━━━━━━━━━━━━━━━━━━━━━━━━━ 35.3/35.3 MB 141.3 MB/s  0:00:00
Downloading six-1.17.0-py2.py3-none-any.whl (11 kB)
Downloading starlette-1.7.0-py3-none-any.whl (78 kB)
Downloading anyio-4.15.1-py3-none-any.whl (132 kB)
Downloading threadpoolctl-3.7.0-py3-none-any.whl (26 kB)
Downloading typing_inspection-0.4.4-py3-none-any.whl (14 kB)
Downloading tzlocal-5.4.4-py3-none-any.whl (18 kB)
Building wheels for collected packages: ta
  Building wheel for ta (pyproject.toml): started
  Building wheel for ta (pyproject.toml): finished with status 'done'
  Created wheel for ta: filename=ta-0.11.0-py3-none-any.whl size=29482 sha256=8dfe7832a84fec7561c0ac8397c4ac4621ba465175bb8c7ba80f7ffd3c75d5c2
  Stored in directory: /home/user/.cache/pip/wheels/e3/3a/ee/4955a26c90a4b7deb6d725dc8ec7b8604a7aef44e43a2e8af7
Successfully built ta
Installing collected packages: tzlocal, tzdata, typing-extensions, threadpoolctl, six, ruff, python-dotenv, pygments, psutil, propcache, pluggy, packaging, numpy, narwhals, multidict, magic-filter, iniconfig, idna, h11, frozenlist, feedparser-sgmllib, defusedxml, cloudpickle, click, certifi, attrs, annotated-types, annotated-doc, aiohappyeyeballs, aiofiles, yarl, uvicorn, typing-inspection, SQLAlchemy, scipy, python-dateutil, pytest, pydantic-core, opentelemetry-api, joblib, httpcore, feedparser, APScheduler, anyio, aiosignal, starlette, scikit-learn, pytest-asyncio, pydantic, pandas, lightgbm, httpx, aiohttp, ta, pydantic-settings, fastapi, aiogram

Successfully installed APScheduler-3.11.3 SQLAlchemy-2.1.2 aiofiles-25.1.0 aiogram-3.31.0 aiohappyeyeballs-2.7.1 aiohttp-3.14.3 aiosignal-1.4.0 annotated-doc-0.0.5 annotated-types-0.8.0 anyio-4.15.1 attrs-26.1.0 certifi-2026.7.22 click-8.5.0 cloudpickle-3.1.2 defusedxml-0.7.1 fastapi-0.142.2 feedparser-6.0.14 feedparser-sgmllib-2.1.0 frozenlist-1.8.0 h11-0.16.0 httpcore-1.0.9 httpx-0.28.1 idna-3.20 iniconfig-2.3.0 joblib-1.6.0 lightgbm-4.7.0 magic-filter-1.0.12 multidict-6.9.1 narwhals-2.26.0 numpy-2.4.6 opentelemetry-api-1.45.0 packaging-26.3 pandas-3.0.6 pluggy-1.6.0 propcache-0.5.4 psutil-7.2.2 pydantic-2.13.5 pydantic-core-2.46.5 pydantic-settings-2.15.0 pygments-2.21.0 pytest-9.1.1 pytest-asyncio-1.4.0 python-dateutil-2.9.0.post0 python-dotenv-1.2.4 ruff-0.16.10 scikit-learn-1.9.1 scipy-1.18.1 six-1.17.0 starlette-1.7.0 ta-0.11.0 threadpoolctl-3.7.0 typing-extensions-4.16.0 typing-inspection-0.4.4 tzdata-2026.4 tzlocal-5.4.4 uvicorn-0.54.0 yarl-1.25.1

[notice] A new release of pip is available: 26.1.2 -> 26.2.1
[notice] To update, run: /home/user/mt5_ai_reflex_bot/.venv/bin/python -m pip install --upgrade pip
